  Determining projects to restore...
  All projects are up-to-date for restore.
  VNVTStore.Domain -> D:\VNVTStoreApp\VNVTStore.Backend\src\VNVTStore.Domain\bin\Debug\net8.0\VNVTStore.Domain.dll
  VNVTStore.Application -> D:\VNVTStoreApp\VNVTStore.Backend\src\VNVTStore.Application\bin\Debug\net8.0\VNVTStore.Application.dll
  VNVTStore.Infrastructure -> D:\VNVTStoreApp\VNVTStore.Backend\src\VNVTStore.Infrastructure\bin\Debug\net8.0\VNVTStore.Infrastructure.dll
D:\VNVTStoreApp\VNVTStore.Backend\src\VNVTStore.API\Controllers\v1\PromotionsController.cs(11,7): warning CS0105: The using directive for 'MediatR' appeared previously in this namespace [D:\VNVTStoreApp\VNVTStore.Backend\src\VNVTStore.API\VNVTStore.API.csproj]
D:\VNVTStoreApp\VNVTStore.Backend\src\VNVTStore.API\Controllers\v1\PromotionsController.cs(12,7): warning CS0105: The using directive for 'Microsoft.AspNetCore.Authorization' appeared previously in this namespace [D:\VNVTStoreApp\VNVTStore.Backend\src\VNVTStore.API\VNVTStore.API.csproj]
D:\VNVTStoreApp\VNVTStore.Backend\src\VNVTStore.API\Controllers\v1\PromotionsController.cs(13,7): warning CS0105: The using directive for 'Microsoft.AspNetCore.Mvc' appeared previously in this namespace [D:\VNVTStoreApp\VNVTStore.Backend\src\VNVTStore.API\VNVTStore.API.csproj]
D:\VNVTStoreApp\VNVTStore.Backend\src\VNVTStore.API\Controllers\v1\PromotionsController.cs(14,7): warning CS0105: The using directive for 'VNVTStore.Application.Common' appeared previously in this namespace [D:\VNVTStoreApp\VNVTStore.Backend\src\VNVTStore.API\VNVTStore.API.csproj]
D:\VNVTStoreApp\VNVTStore.Backend\src\VNVTStore.API\Controllers\v1\PromotionsController.cs(15,7): warning CS0105: The using directive for 'VNVTStore.Application.Constants' appeared previously in this namespace [D:\VNVTStoreApp\VNVTStore.Backend\src\VNVTStore.API\VNVTStore.API.csproj]
D:\VNVTStoreApp\VNVTStore.Backend\src\VNVTStore.API\Controllers\v1\PromotionsController.cs(16,7): warning CS0105: The using directive for 'VNVTStore.Application.DTOs' appeared previously in this namespace [D:\VNVTStoreApp\VNVTStore.Backend\src\VNVTStore.API\VNVTStore.API.csproj]
D:\VNVTStoreApp\VNVTStore.Backend\src\VNVTStore.API\Controllers\v1\PromotionsController.cs(17,7): warning CS0105: The using directive for 'VNVTStore.Application.Promotions.Queries' appeared previously in this namespace [D:\VNVTStoreApp\VNVTStore.Backend\src\VNVTStore.API\VNVTStore.API.csproj]
D:\VNVTStoreApp\VNVTStore.Backend\src\VNVTStore.API\Controllers\v1\PromotionsController.cs(18,7): warning CS0105: The using directive for 'VNVTStore.Application.Interfaces' appeared previously in this namespace [D:\VNVTStoreApp\VNVTStore.Backend\src\VNVTStore.API\VNVTStore.API.csproj]
D:\VNVTStoreApp\VNVTStore.Backend\src\VNVTStore.API\Controllers\v1\PromotionsController.cs(19,7): warning CS0105: The using directive for 'VNVTStore.Domain.Entities' appeared previously in this namespace [D:\VNVTStoreApp\VNVTStore.Backend\src\VNVTStore.API\VNVTStore.API.csproj]
D:\VNVTStoreApp\VNVTStore.Backend\src\VNVTStore.API\Controllers\v1\UsersController.cs(11,7): warning CS0105: The using directive for 'VNVTStore.Application.Users.Queries' appeared previously in this namespace [D:\VNVTStoreApp\VNVTStore.Backend\src\VNVTStore.API\VNVTStore.API.csproj]
D:\VNVTStoreApp\VNVTStore.Backend\src\VNVTStore.API\Controllers\BaseApiController.cs(67,42): warning CS8625: Cannot convert null literal to non-nullable reference type. [D:\VNVTStoreApp\VNVTStore.Backend\src\VNVTStore.API\VNVTStore.API.csproj]
D:\VNVTStoreApp\VNVTStore.Backend\src\VNVTStore.API\Controllers\v1\PaymentsController.cs(23,32): error CS1503: Argument 2: cannot convert from 'string' to 'VNVTStore.Domain.Enums.PaymentMethod' [D:\VNVTStoreApp\VNVTStore.Backend\src\VNVTStore.API\VNVTStore.API.csproj]
D:\VNVTStoreApp\VNVTStore.Backend\src\VNVTStore.API\Controllers\v1\PaymentsController.cs(35,34): error CS1503: Argument 2: cannot convert from 'string' to 'VNVTStore.Domain.Enums.PaymentStatus' [D:\VNVTStoreApp\VNVTStore.Backend\src\VNVTStore.API\VNVTStore.API.csproj]
D:\VNVTStoreApp\VNVTStore.Backend\src\VNVTStore.API\Controllers\v1\OrdersController.cs(100,49): warning CS8601: Possible null reference assignment. [D:\VNVTStoreApp\VNVTStore.Backend\src\VNVTStore.API\VNVTStore.API.csproj]

Build FAILED.

D:\VNVTStoreApp\VNVTStore.Backend\src\VNVTStore.API\Controllers\v1\PromotionsController.cs(11,7): warning CS0105: The using directive for 'MediatR' appeared previously in this namespace [D:\VNVTStoreApp\VNVTStore.Backend\src\VNVTStore.API\VNVTStore.API.csproj]
D:\VNVTStoreApp\VNVTStore.Backend\src\VNVTStore.API\Controllers\v1\PromotionsController.cs(12,7): warning CS0105: The using directive for 'Microsoft.AspNetCore.Authorization' appeared previously in this namespace [D:\VNVTStoreApp\VNVTStore.Backend\src\VNVTStore.API\VNVTStore.API.csproj]
D:\VNVTStoreApp\VNVTStore.Backend\src\VNVTStore.API\Controllers\v1\PromotionsController.cs(13,7): warning CS0105: The using directive for 'Microsoft.AspNetCore.Mvc' appeared previously in this namespace [D:\VNVTStoreApp\VNVTStore.Backend\src\VNVTStore.API\VNVTStore.API.csproj]
D:\VNVTStoreApp\VNVTStore.Backend\src\VNVTStore.API\Controllers\v1\PromotionsController.cs(14,7): warning CS0105: The using directive for 'VNVTStore.Application.Common' appeared previously in this namespace [D:\VNVTStoreApp\VNVTStore.Backend\src\VNVTStore.API\VNVTStore.API.csproj]
D:\VNVTStoreApp\VNVTStore.Backend\src\VNVTStore.API\Controllers\v1\PromotionsController.cs(15,7): warning CS0105: The using directive for 'VNVTStore.Application.Constants' appeared previously in this namespace [D:\VNVTStoreApp\VNVTStore.Backend\src\VNVTStore.API\VNVTStore.API.csproj]
D:\VNVTStoreApp\VNVTStore.Backend\src\VNVTStore.API\Controllers\v1\PromotionsController.cs(16,7): warning CS0105: The using directive for 'VNVTStore.Application.DTOs' appeared previously in this namespace [D:\VNVTStoreApp\VNVTStore.Backend\src\VNVTStore.API\VNVTStore.API.csproj]
D:\VNVTStoreApp\VNVTStore.Backend\src\VNVTStore.API\Controllers\v1\PromotionsController.cs(17,7): warning CS0105: The using directive for 'VNVTStore.Application.Promotions.Queries' appeared previously in this namespace [D:\VNVTStoreApp\VNVTStore.Backend\src\VNVTStore.API\VNVTStore.API.csproj]
D:\VNVTStoreApp\VNVTStore.Backend\src\VNVTStore.API\Controllers\v1\PromotionsController.cs(18,7): warning CS0105: The using directive for 'VNVTStore.Application.Interfaces' appeared previously in this namespace [D:\VNVTStoreApp\VNVTStore.Backend\src\VNVTStore.API\VNVTStore.API.csproj]
D:\VNVTStoreApp\VNVTStore.Backend\src\VNVTStore.API\Controllers\v1\PromotionsController.cs(19,7): warning CS0105: The using directive for 'VNVTStore.Domain.Entities' appeared previously in this namespace [D:\VNVTStoreApp\VNVTStore.Backend\src\VNVTStore.API\VNVTStore.API.csproj]
D:\VNVTStoreApp\VNVTStore.Backend\src\VNVTStore.API\Controllers\v1\UsersController.cs(11,7): warning CS0105: The using directive for 'VNVTStore.Application.Users.Queries' appeared previously in this namespace [D:\VNVTStoreApp\VNVTStore.Backend\src\VNVTStore.API\VNVTStore.API.csproj]
D:\VNVTStoreApp\VNVTStore.Backend\src\VNVTStore.API\Controllers\BaseApiController.cs(67,42): warning CS8625: Cannot convert null literal to non-nullable reference type. [D:\VNVTStoreApp\VNVTStore.Backend\src\VNVTStore.API\VNVTStore.API.csproj]
D:\VNVTStoreApp\VNVTStore.Backend\src\VNVTStore.API\Controllers\v1\OrdersController.cs(100,49): warning CS8601: Possible null reference assignment. [D:\VNVTStoreApp\VNVTStore.Backend\src\VNVTStore.API\VNVTStore.API.csproj]
D:\VNVTStoreApp\VNVTStore.Backend\src\VNVTStore.API\Controllers\v1\PaymentsController.cs(23,32): error CS1503: Argument 2: cannot convert from 'string' to 'VNVTStore.Domain.Enums.PaymentMethod' [D:\VNVTStoreApp\VNVTStore.Backend\src\VNVTStore.API\VNVTStore.API.csproj]
D:\VNVTStoreApp\VNVTStore.Backend\src\VNVTStore.API\Controllers\v1\PaymentsController.cs(35,34): error CS1503: Argument 2: cannot convert from 'string' to 'VNVTStore.Domain.Enums.PaymentStatus' [D:\VNVTStoreApp\VNVTStore.Backend\src\VNVTStore.API\VNVTStore.API.csproj]
    12 Warning(s)
    2 Error(s)

Time Elapsed 00:00:03.12
